Godot Engine v4.7.2.stable.official.ed1daf0bf - https://godotengine.org

PASS test_actions_require_energy_and_each_combo_swing_pays_once
PASS test_queued_swing_rechecks_budget_at_execution
PASS test_legacy_save_migrates_with_current_action_costs
PASS test_paid_farm_tools_are_claimed_after_normal_camp_upgrade
PASS test_farms_and_hoes_wait_for_second_refuge_tier
PASS test_random_farm_plots_unlock_without_rerolling_or_losing_save_state
PASS test_volume_preferences_round_trip_and_protect_corrupt_input
PASS test_two_wall_investments_and_construction_are_independent
PASS test_night_attackers_arrive_from_both_sides
PASS test_wall_blocks_close_attack_against_knight
PASS test_defenders_split_posts_and_keep_their_assignments
PASS test_newly_completed_wall_intercepts_a_queued_strike
PASS test_pressure_preview_matches_spawned_sides_and_clears_at_dawn
PASS test_generated_resources_leave_space_for_both_defense_sites
PASS test_legacy_encounter_left_retreat_does_not_create_false_loot
PASS test_kingdom_milestone_requires_both_defenses
PASS test_crystal_pouch_conserves_overflow_and_ground_pickups
PASS test_campfire_investments_persist_and_never_double_charge
PASS test_knight_opens_chest_once_and_full_bag_spills
PASS test_discovered_wanderer_recruits_with_crystal_and_keeps_role_until_hit
PASS test_nights_continue_after_three_and_raise_actual_enemy_stats
PASS test_resident_delivery_leaves_crystals_at_depot_and_banks_stone
PASS test_later_night_damage_reaches_knight_and_wall
PASS test_insufficient_crystals_preserve_partial_project_and_target_independence
PASS test_campaign_raid_receives_three_cuts_and_finisher_pushback
PASS test_sound_observation_does_not_replay_effects_or_invent_payments
PASS test_sounds_follow_active_cuts_hits_distance_and_end_states
PASS test_new_journeys_keep_old_records_and_list_corruption_safely
PASS test_guidance_follows_paid_camp_and_real_resident_jobs
PASS test_guidance_does_not_reveal_loot_or_keep_spending_stocked_tools
PASS test_core_breach_loses_without_killing_knight_and_stops_simulation
PASS test_intact_wall_protects_core_then_breach_exposes_it
PASS test_core_charge_uses_slots_and_cannot_exceed_capacity
PASS test_knight_death_and_city_milestone_are_not_victory
PASS test_rift_requires_exploration_city_and_an_engineer
PASS test_engineer_travels_and_waits_for_knight_before_guardians
PASS test_fighting_unlocks_sealing_and_closed_side_stops_night_spawns
PASS test_both_seals_and_cleared_enemies_finish_run_once
PASS test_lost_engineer_is_replaced_without_reset_or_duplicate_wardens
PASS test_expedition_waits_for_carried_harvest_to_be_delivered
PASS test_sealed_sources_still_require_remaining_enemies_and_defeat_wins_ties
PASS test_warden_stats_are_editable_through_campaign_rules
PASS test_full_checkpoint_restores_real_payment_cargo_and_world_continuation
PASS test_corrupt_checkpoint_is_rejected_before_it_can_run
PASS test_resume_preserves_hit_identity_and_drops_buffered_next_cut
PASS test_pending_enemy_windup_survives_and_invalid_target_is_refused
PASS test_checkpoint_file_roundtrip_and_corruption_protection
PASS test_failed_write_keeps_old_checkpoint_and_can_retry
PASS test_demotion_is_distinct_from_blocking_and_recruitment
PASS test_terminal_feedback_finishes_without_advancing_the_campaign
PASS test_hero_death_falls_and_holds_instead_of_vanishing
PASS test_one_swing_hits_each_target_once
PASS test_range_and_facing_do_not_consume_a_valid_hit
PASS test_attack_window_and_cooldown
PASS test_dash_spends_stamina_and_protects_health
PASS test_death_and_invalid_damage
PASS test_negative_time_cannot_rewind_combat
PASS test_sword_only_damages_during_downward_cut
PASS test_turning_during_swing_cannot_move_damage_behind_hero
PASS test_short_cooldown_cannot_restart_an_unfinished_swing
PASS test_dash_cancels_damage_in_every_swing_phase
PASS test_overhead_anticipation_cannot_damage_before_downward_cut
PASS test_dash_progress_tracks_motion_until_it_finishes
PASS test_shield_absorbs_damage_before_health_and_cannot_regenerate
PASS test_combo_accepts_early_press_without_restarting_the_current_swing
PASS test_combo_requires_three_presses_and_finisher_recovers
PASS test_single_press_late_followup_and_expired_chain
PASS test_combo_target_can_receive_each_cut_only_once
PASS test_combo_cancels_on_dash_hurt_death_and_lost_intent
PASS test_buffer_expiry_and_large_time_step_obey_the_same_handoff
PASS test_each_combo_cut_locks_direction_when_it_begins
PASS test_stationary_combo_never_displaces_the_knight
PASS test_followup_travel_is_timed_directional_and_consumed_once
PASS test_step_distance_survives_coarse_handoff_and_custom_timing
PASS test_cancelled_combo_discards_unapplied_step
PASS test_releasing_direction_discards_travel_without_a_backlog
PASS test_an_empty_catalog_is_usable
PASS test_entries_are_found_by_id
PASS test_duplicate_ids_are_reported
PASS test_missing_ids_are_reported
PASS test_an_empty_slot_is_reported
PASS test_requirements_must_exist
PASS test_a_grant_without_a_stat_is_reported
PASS test_enemy_growth_is_authored_not_hardcoded
PASS test_invisible_sites_do_not_steal_exploration_targets
PASS test_actionable_target_wins_over_nearer_unavailable_target
PASS test_targeted_payment_never_falls_back_to_another_person
PASS test_holding_fills_one_project_and_stops_at_completion
PASS test_hold_cancels_on_leaving_and_cannot_resume_on_a_neighbor
PASS test_empty_backpack_and_cancel_require_a_fresh_press
PASS test_free_interactions_and_tool_orders_never_repeat_while_held
PASS test_new_nearer_candidate_does_not_steal_a_held_project
PASS test_damaged_wall_does_not_turn_held_upgrade_into_repair
PASS test_only_crystals_build_upgrade_and_heal
PASS test_all_harvests_and_farming_only_supply_physical_crystals
PASS test_v2_materials_convert_once_without_changing_original
PASS test_real_v2_checkpoint_and_renewable_yields_survive_migration
PASS test_throw_is_conserved_and_cannot_immediately_magnet_back
PASS test_magnet_moves_visible_crystals_before_crediting_and_respects_capacity
PASS test_chest_bursts_before_collecting_and_only_once
PASS test_offerings_recruit_once_and_respect_the_configured_price
PASS test_treasure_is_not_an_offering_and_empty_or_dead_knight_cannot_throw
PASS test_airborne_crystals_land_on_ledges_and_fall_off_their_edges
PASS test_zero_invalid_time_and_boundaries_preserve_ground_rewards
PASS test_crystals_then_sword_then_life_on_actual_enemy_hit
PASS test_offering_cancels_attack_and_enemy_exits_without_reward
PASS test_left_carrier_and_killed_carrier_conserve_crystals
PASS test_dragon_hit_uses_crystal_protection
PASS test_disarmed_and_carrier_state_survives_save_resume
PASS test_sword_can_be_recovered_after_drop_grace
PASS test_v7_immersive_journey_migrates_to_crystal_survival
PASS test_identical_seed_and_offering_inputs_repeat
PASS test_corrupt_v7_wallet_is_not_repaired_by_larger_capacity
PASS test_clearing_reveals_wall_plot_but_requires_local_preparation
PASS test_expansion_is_sequential_and_trees_must_be_actually_cleared
PASS test_guards_advance_only_after_completion_and_fall_back_without_switching_sides
PASS test_night_spawn_is_outside_expanded_territory
PASS test_safe_outpost_shortens_worker_return_but_lost_wall_forces_core_retreat
PASS test_outer_wall_intercepts_then_inner_wall_remains_a_second_defense
PASS test_seeded_expansion_spawns_stay_on_map_and_beyond_both_fronts
PASS test_drag_fingers_are_independent_and_cancelable
PASS test_direction_selects_intent_on_either_side
PASS test_second_tier_does_not_chatter_at_boundary
PASS test_two_gates_summon_a_dragon_instead_of_winning
PASS test_dragon_has_floor_and_late_growth
PASS test_dragon_save_resume_and_army_damage
PASS test_idle_workers_and_guards_patrol
PASS test_concurrent_resident_volley_is_not_discarded
PASS test_v3_completed_run_remains_completed_and_active_run_gets_boss
PASS test_settled_pile_out_of_reach_only_ages
PASS test_grace_still_expires_while_resting
PASS test_pile_outside_the_world_is_pulled_back
PASS test_airborne_crystal_still_lands
PASS test_knight_still_collects_a_nearby_pile
PASS test_thrown_offering_resists_the_magnet_until_grace_ends
PASS test_resting_piles_do_not_change_an_active_crystal
PASS test_expedition_advice_uses_unlocks_and_preserves_hidden_rifts
PASS test_paid_expedition_reports_worker_combat_and_sealing_state
PASS test_assigned_expedition_takes_priority_over_a_second_waiting_order
PASS test_recovery_after_skipping_camp_or_losing_worker_with_empty_pouch
PASS test_round_trip_and_schema_guard
PASS test_invalid_values_preserve_original_save
PASS test_campaign_has_ground_level_resources_and_no_gem_ledges
PASS test_drag_has_two_distinct_speeds_and_can_return_to_slow
PASS test_barracks_upgrades_power_existing_archers_and_stop_at_limit
PASS test_night_civilians_move_without_leaving_the_defended_interior
PASS test_second_tier_spends_stamina_and_falls_back_when_exhausted
PASS test_real_v4_save_keeps_population_and_paid_resources_on_flat_ground
PASS test_barracks_respects_town_gate_and_all_three_paid_tiers
PASS test_night_builds_inside_defenses_but_does_not_leave_for_outer_order
PASS test_tower_needs_construction_and_three_tiers_have_real_firepower
PASS test_cleared_plots_are_seeded_varied_and_do_not_reroll_on_load
PASS test_fortress_is_a_third_paid_tier_with_more_health
PASS test_expanded_field_requires_farmer_and_produces_at_its_own_location
PASS test_v5_keeps_wall_damage_and_old_civilian_protection
PASS test_tower_second_tier_fires_more_often_and_pause_time_does_not_fire
PASS test_night_work_stops_when_the_outer_wall_breaks
PASS test_outpost_and_cleared_plot_remain_separate_payment_targets
PASS test_seed_reproduces_exploration_and_guarantees_reachable_resources
PASS test_harvest_is_finite_and_rewards_only_once
PASS test_crop_requires_worker_and_hunter_collects_discovered_animals
PASS test_tools_assign_new_jobs_and_city_requires_real_progress
PASS test_economy_tuning_changes_crop_output_and_training
PASS test_generated_resources_can_fund_the_complete_kingdom_loop
PASS test_outer_regions_extend_both_sides_without_replacing_the_opening
PASS test_expanded_campaign_seals_beyond_resources_and_survives_save_restore
PASS test_more_exploration_camps_still_respect_population_limit
PASS test_scenery_is_varied_reproducible_and_never_changes_harvests
PASS test_camps_replenish_once_per_real_dawn_and_remain_recruitable
PASS test_camps_do_not_accumulate_infinite_people_or_remove_existing_ids
PASS test_standing_forest_renews_hunted_prey_and_delivered_plants
PASS test_carried_plants_never_duplicate_and_minerals_never_regrow
PASS test_clearcut_forest_loses_future_camp_and_prey_without_erasing_survivors
PASS test_last_tree_order_warns_about_habitat_loss
PASS test_preserving_one_tree_per_forest_still_allows_city_and_farm
PASS test_cleared_ground_still_supports_delivered_berry_and_herb_patches
PASS test_knight_marks_work_and_sword_never_harvests
PASS test_worker_walks_chops_and_hauls_before_bank_receives_resources
PASS test_hit_worker_drops_cargo_and_another_worker_recovers_it
PASS test_raised_salvage_is_reached_by_worker_ladder_before_harvest
PASS test_outpost_needs_cleared_site_payment_and_engineer_then_shortens_delivery
PASS test_work_duration_is_tunable_and_invalid_time_cannot_finish_a_job
PASS test_ground_raider_cannot_hit_a_worker_on_an_elevated_site
PASS test_wanderers_stroll_turn_and_stay_near_their_discovery_place
PASS test_idle_citizen_strolls_but_available_tools_interrupt_immediately
PASS test_approaching_wanderer_stops_for_recruitment_and_invalid_time_does_not_move
PASS test_controls_and_information_fit_notched_landscape_and_tablet
PASS test_safe_area_conversion_handles_scaling_and_letterboxing
PASS test_corner_menu_and_purse_fit_phone_safe_area
PASS test_jump_pose_responds_to_vertical_motion_and_freezes_when_paused
PASS test_unlit_camp_and_tools
PASS test_unfinished_payment_returns_to_ground
PASS test_residents_collect_offer_and_recruit
PASS test_fast_run_exhaustion_and_rest
PASS test_repeated_yield_is_bounded_and_conserved
PASS test_new_rules_save_and_resume
PASS test_night_work_and_threat_retreat
PASS test_full_pouch_sinks_excess
PASS test_every_resident_job_carries_and_offers
PASS test_damaged_v6_config_is_protected
PASS test_single_taps_resume_during_refund_grace
PASS test_refund_waits_then_falls_at_building_when_knight_leaves
PASS test_each_tap_renews_the_payment_window
PASS test_walking_recovers_without_rearming_sprint_early
PASS test_smaller_arrival_pouch_can_start_worker_economy
PASS test_impact_feedback_freezes_expires_and_resets_with_game_time
PASS test_invasion_emerges_at_the_two_gates
PASS test_expansion_is_hidden_until_the_region_is_cleared
PASS test_full_shield_cannot_stack_before_city_upgrade
PASS test_damage_offers_bounded_refill_instead_of_another_upgrade
PASS test_training_tiers_cost_more_and_require_city_progress
PASS test_damage_interrupts_held_upgrade_without_spending_refill_or_losing_slots
PASS test_growth_configuration_changes_actual_cap_and_training
PASS test_module_balance_and_switching_share_cooldown
PASS test_relics_must_be_explored_returned_and_equipped
PASS test_seeded_modules_and_directional_lance
PASS test_idle_animation_advances_only_with_game_time
PASS test_death_facing_and_restart_are_visible
PASS test_grounded_motion_plays_run_then_returns_to_idle
PASS test_attack_frames_follow_combat_progress_instead_of_render_time
PASS test_airborne_does_not_play_ground_run_cycle
PASS test_attack_respects_authored_anticipation_and_recovery_durations
PASS test_enemy_telegraph_displays_raised_weapon_without_starting_swing
PASS test_dash_has_launch_burst_braking_and_freezes_with_progress
PASS test_default_cleave_shows_all_eight_poses_at_thirty_fps
PASS test_running_phase_continues_through_attack_and_recovery
PASS test_moving_swing_displays_running_legs_without_changing_attack_timing
PASS test_return_cut_starts_from_previous_low_pose_and_rises_while_running
PASS test_authored_combo_uses_independent_forward_frames_and_freezes
PASS test_equipment_refresh_never_reopens_another_body
PASS test_work_orders_follow_walls_but_treasure_stays_explorable
PASS test_worker_keeps_harvest_and_can_continue_without_delivery
PASS test_hunter_stays_near_walls_even_with_only_distant_prey
PASS test_local_work_save_resume_and_legacy_station_migration
PASS test_partly_harvested_job_resumes_and_preserves_wallet_overflow
PASS test_two_upward_fingers_trigger_once_and_never_offer
PASS test_release_and_focus_loss_cancel_partial_special
PASS test_allocation_conserves_crystals_and_locks_on_departure
PASS test_return_resolves_residents_once_and_keeps_a_stable_report
PASS test_extreme_choices_victory_and_defeat_have_visible_consequences
PASS test_tuning_changes_the_tradeoff_without_changing_combat_code
PASS test_walk_tracks_distance_instead_of_render_rate
PASS test_stopping_settles_and_pause_freezes_the_transition
PASS test_distant_worker_leaves_before_sunset_and_preserves_work
PASS test_night_pauses_farming_and_dawn_resumes_work
PASS test_hunter_hunts_by_day_and_defends_at_night
PASS test_carried_resource_returns_with_worker_then_deposits_at_dawn
PASS test_unrecruited_wanderer_does_not_join_shelter_and_farmer_stops_at_home
PASS test_same_seed_replays_the_same_sequence
PASS test_streams_do_not_share_a_sequence
PASS test_draining_one_stream_does_not_shift_another
PASS test_neighbouring_seeds_do_not_produce_neighbouring_streams
PASS test_capture_survives_a_checkpoint_round_trip
PASS test_stored_state_stays_inside_the_checkpoint_number_range
PASS test_restore_refuses_a_damaged_position
PASS test_helpers_follow_their_own_stream
PASS test_defeat_rewards_once_and_persists
PASS test_vertical_miss_and_restart
PASS test_failed_save_reports_pending_and_can_retry
PASS test_enemy_telegraphs_before_attack
PASS test_confirmed_hit_freezes_combat_time_then_resumes_once
PASS test_blocked_hit_does_not_stop_and_restart_clears_impact
PASS test_supplies_recruit_only_on_pickup_and_tools_are_not_duplicated
PASS test_paid_construction_needs_engineer_and_cannot_charge_twice
PASS test_only_a_real_unblocked_hit_demotes_a_resident
PASS test_people_walk_to_supplies_tools_and_build_without_direct_orders
PASS test_context_interaction_checks_distance_and_shared_crystal_reserve
PASS test_raiders_must_reach_and_hit_residents_not_just_start_a_wave
PASS test_countdown_reaches_first_wave_and_cannot_duplicate_an_active_wave
PASS test_attacked_worker_can_be_recruited_and_equipped_again
PASS test_guard_defends_and_salvage_requires_pickup_once
PASS test_destroyed_wall_can_be_repaired_without_exceeding_level_cap
PASS test_three_completed_waves_stop_and_escaped_enemies_drop_nothing
PASS test_spirit_follows_ignored_advice_without_moving_the_target
PASS test_hits_require_lost_health_or_shield_and_recover
PASS test_knight_dash_is_not_mistaken_for_damage
PASS test_residents_and_enemies_react_to_real_damage_only
PASS test_spirit_points_back_at_a_reached_target
PASS test_spirit_leaves_the_targets_interaction_column_clear
PASS test_dragon_damage_and_death_keep_boss_silhouette_without_blocking_volley
PASS test_contextual_press_drops_once_and_wanderer_collects_before_owner
PASS test_offer_from_contextual_press_bribes_enemy_without_double_payment
PASS test_opening_finishes_after_first_worker_order_and_can_be_recalled
PASS test_late_recall_survives_save_and_v8_migrates_safely
PASS test_empty_pouch_cannot_recall_and_configured_slots_refund
PASS test_exhaustion_requires_walk_then_run_then_stationary_rest
PASS test_recovery_checkpoint_matches_uninterrupted_ticks
PASS test_v10_checkpoint_retains_exhaustion_during_upgrade
PASS test_zero_time_does_not_advance_recovery
PASS test_breathing_stop_survives_reload_and_rejects_corruption
PASS test_order_is_add_then_multiply
PASS test_override_replaces_the_whole_result
PASS test_the_last_override_wins
PASS test_other_stats_are_untouched
PASS test_removal_works_on_the_source_label
PASS test_the_same_source_can_stack
PASS test_expiry_is_exclusive_at_its_own_tick
PASS test_permanent_modifiers_never_expire
PASS test_breakdown_explains_the_number
PASS test_capture_survives_a_checkpoint_round_trip
PASS test_restore_refuses_a_damaged_block
PASS test_clock_counts_ticks_not_seconds
PASS test_authored_seconds_become_whole_ticks
PASS test_a_short_duration_never_collapses_to_nothing
PASS test_restore_rejects_impossible_values
PASS test_top_equipment_unlocks_mount_without_consuming_shield
PASS test_exploration_reveal_advances_smoothly_and_freezes_with_time
PASS test_repeating_tiles_cover_camera_edges_and_keep_world_phase
Assertions: 1722; failures: 0
