..
----------------------------------------------------------------------
Ran 2 tests in 0.035s

OK
........
----------------------------------------------------------------------
Ran 8 tests in 0.062s

OK
...
----------------------------------------------------------------------
Ran 3 tests in 0.004s

OK
..
----------------------------------------------------------------------
Ran 2 tests in 0.051s

OK
PASS: domain/application dependency boundaries
Godot Engine v4.7.2.stable.official.ed1daf0bf - https://godotengine.org

[   0% ] [90m[1mfirst_scan_filesystem[22m | Started Project initialization (5 steps)[39m[0m
[   0% ] [90m[1mfirst_scan_filesystem[22m | Scanning file structure...[39m[0m
[  16% ] [90m[1mfirst_scan_filesystem[22m | Loading global class names...[39m[0m
[  33% ] [90m[1mfirst_scan_filesystem[22m | Verifying GDExtensions...[39m[0m
[  50% ] [90m[1mfirst_scan_filesystem[22m | Creating autoload scripts...[39m[0m
[  66% ] [90m[1mfirst_scan_filesystem[22m | Initializing plugins...[39m[0m
[  83% ] [90m[1mfirst_scan_filesystem[22m | Starting file scan...[39m[0m
[92m[ DONE ][39m [1mfirst_scan_filesystem[22m
[0m
[   0% ] [90m[1m_update_scan_actions[22m | Started Scanning actions... (5 steps)[39m[0m
[   0% ] [90m[1m_update_scan_actions[22m | farm-tools-tier-two.png[39m[0m
[  16% ] [90m[1m_update_scan_actions[22m | modules-desktop.png[39m[0m
[  33% ] [90m[1m_update_scan_actions[22m | modules-en.png[39m[0m
[  50% ] [90m[1m_update_scan_actions[22m | modules-zh_CN.png[39m[0m
[  66% ] [90m[1m_update_scan_actions[22m | modules-zh_TW.png[39m[0m
[92m[ DONE ][39m [1m_update_scan_actions[22m
[0m
[   0% ] [90m[1mreimport[22m | Started (Re)Importing Assets (5 steps)[39m[0m
[   0% ] [90m[1mreimport[22m | Preparing files to reimport...[39m[0m
[  16% ] [90m[1mreimport[22m | Preparing files to reimport...[39m[0m
[  33% ] [90m[1mreimport[22m | Preparing files to reimport...[39m[0m
[  50% ] [90m[1mreimport[22m | Preparing files to reimport...[39m[0m
[  66% ] [90m[1mreimport[22m | Preparing files to reimport...[39m[0m
[   0% ] [90m[1mreimport[22m | Executing pre-reimport operations...[39m[0m
[   0% ] [90m[1mreimport[22m | farm-tools-tier-two.png[39m[0m
[  16% ] [90m[1mreimport[22m | modules-desktop.png[39m[0m
[  33% ] [90m[1mreimport[22m | modules-en.png[39m[0m
[  50% ] [90m[1mreimport[22m | modules-zh_CN.png[39m[0m
[  66% ] [90m[1mreimport[22m | modules-zh_TW.png[39m[0m
[  83% ] [90m[1mreimport[22m | Finalizing Asset Import...[39m[0m
[92m[ DONE ][39m [1mreimport[22m
[0m
[   0% ] [90m[1mreimport[22m | Started (Re)Importing Assets (5 steps)[39m[0m
[   0% ] [90m[1mreimport[22m | Executing post-reimport operations...[39m[0m
[92m[ DONE ][39m [1mreimport[22m
[0m
[   0% ] [90m[1mloading_editor_layout[22m | Started Loading editor (5 steps)[39m[0m
[   0% ] [90m[1mloading_editor_layout[22m | Loading editor layout...[39m[0m
[  16% ] [90m[1mloading_editor_layout[22m | Loading docks...[39m[0m
[  33% ] [90m[1mloading_editor_layout[22m | Reopening scenes...[39m[0m
[  50% ] [90m[1mloading_editor_layout[22m | Loading central editor layout...[39m[0m
[  66% ] [90m[1mloading_editor_layout[22m | Loading plugin window layout...[39m[0m
[  83% ] [90m[1mloading_editor_layout[22m | Editor layout ready.[39m[0m
[92m[ DONE ][39m [1mloading_editor_layout[22m
[0m
Godot Engine v4.7.2.stable.official.ed1daf0bf - https://godotengine.org

PASS test_actions_require_energy_and_each_combo_swing_pays_once
PASS test_queued_swing_rechecks_budget_at_execution
PASS test_legacy_save_migrates_with_current_action_costs
PASS test_paid_farm_tools_are_claimed_after_normal_camp_upgrade
PASS test_farms_and_hoes_wait_for_second_refuge_tier
PASS test_random_farm_plots_unlock_without_rerolling_or_losing_save_state
PASS test_volume_preferences_round_trip_and_protect_corrupt_input
PASS test_two_wall_investments_and_construction_are_independent
PASS test_night_attackers_arrive_from_both_sides
PASS test_wall_blocks_close_attack_against_knight
PASS test_defenders_split_posts_and_keep_their_assignments
PASS test_newly_completed_wall_intercepts_a_queued_strike
PASS test_pressure_preview_matches_spawned_sides_and_clears_at_dawn
PASS test_generated_resources_leave_space_for_both_defense_sites
PASS test_legacy_encounter_left_retreat_does_not_create_false_loot
PASS test_kingdom_milestone_requires_both_defenses
PASS test_crystal_pouch_conserves_overflow_and_ground_pickups
PASS test_campfire_investments_persist_and_never_double_charge
PASS test_knight_opens_chest_once_and_full_bag_spills
PASS test_discovered_wanderer_recruits_with_crystal_and_keeps_role_until_hit
PASS test_nights_continue_after_three_and_raise_actual_enemy_stats
PASS test_resident_delivery_leaves_crystals_at_depot_and_banks_stone
PASS test_later_night_damage_reaches_knight_and_wall
PASS test_insufficient_crystals_preserve_partial_project_and_target_independence
PASS test_campaign_raid_receives_three_cuts_and_finisher_pushback
PASS test_sound_observation_does_not_replay_effects_or_invent_payments
PASS test_sounds_follow_active_cuts_hits_distance_and_end_states
PASS test_new_journeys_keep_old_records_and_list_corruption_safely
PASS test_guidance_follows_paid_camp_and_real_resident_jobs
PASS test_guidance_does_not_reveal_loot_or_keep_spending_stocked_tools
PASS test_core_breach_loses_without_killing_knight_and_stops_simulation
PASS test_intact_wall_protects_core_then_breach_exposes_it
PASS test_core_charge_uses_slots_and_cannot_exceed_capacity
PASS test_knight_death_and_city_milestone_are_not_victory
PASS test_rift_requires_exploration_city_and_an_engineer
PASS test_engineer_travels_and_waits_for_knight_before_guardians
PASS test_fighting_unlocks_sealing_and_closed_side_stops_night_spawns
PASS test_both_seals_and_cleared_enemies_finish_run_once
PASS test_lost_engineer_is_replaced_without_reset_or_duplicate_wardens
PASS test_expedition_waits_for_carried_harvest_to_be_delivered
PASS test_sealed_sources_still_require_remaining_enemies_and_defeat_wins_ties
PASS test_warden_stats_are_editable_through_campaign_rules
PASS test_full_checkpoint_restores_real_payment_cargo_and_world_continuation
PASS test_corrupt_checkpoint_is_rejected_before_it_can_run
PASS test_resume_preserves_hit_identity_and_drops_buffered_next_cut
PASS test_pending_enemy_windup_survives_and_invalid_target_is_refused
PASS test_checkpoint_file_roundtrip_and_corruption_protection
PASS test_failed_write_keeps_old_checkpoint_and_can_retry
PASS test_demotion_is_distinct_from_blocking_and_recruitment
PASS test_terminal_feedback_finishes_without_advancing_the_campaign
PASS test_hero_death_falls_and_holds_instead_of_vanishing
PASS test_one_swing_hits_each_target_once
PASS test_range_and_facing_do_not_consume_a_valid_hit
PASS test_attack_window_and_cooldown
PASS test_dash_spends_stamina_and_protects_health
PASS test_death_and_invalid_damage
PASS test_negative_time_cannot_rewind_combat
PASS test_sword_only_damages_during_downward_cut
PASS test_turning_during_swing_cannot_move_damage_behind_hero
PASS test_short_cooldown_cannot_restart_an_unfinished_swing
PASS test_dash_cancels_damage_in_every_swing_phase
PASS test_overhead_anticipation_cannot_damage_before_downward_cut
PASS test_dash_progress_tracks_motion_until_it_finishes
PASS test_shield_absorbs_damage_before_health_and_cannot_regenerate
PASS test_combo_accepts_early_press_without_restarting_the_current_swing
PASS test_combo_requires_three_presses_and_finisher_recovers
PASS test_single_press_late_followup_and_expired_chain
PASS test_combo_target_can_receive_each_cut_only_once
PASS test_combo_cancels_on_dash_hurt_death_and_lost_intent
PASS test_buffer_expiry_and_large_time_step_obey_the_same_handoff
PASS test_each_combo_cut_locks_direction_when_it_begins
PASS test_stationary_combo_never_displaces_the_knight
PASS test_followup_travel_is_timed_directional_and_consumed_once
PASS test_step_distance_survives_coarse_handoff_and_custom_timing
PASS test_cancelled_combo_discards_unapplied_step
PASS test_releasing_direction_discards_travel_without_a_backlog
PASS test_an_empty_catalog_is_usable
PASS test_entries_are_found_by_id
PASS test_duplicate_ids_are_reported
PASS test_missing_ids_are_reported
PASS test_an_empty_slot_is_reported
PASS test_requirements_must_exist
PASS test_a_grant_without_a_stat_is_reported
PASS test_enemy_growth_is_authored_not_hardcoded
PASS test_invisible_sites_do_not_steal_exploration_targets
PASS test_actionable_target_wins_over_nearer_unavailable_target
PASS test_targeted_payment_never_falls_back_to_another_person
PASS test_holding_fills_one_project_and_stops_at_completion
PASS test_hold_cancels_on_leaving_and_cannot_resume_on_a_neighbor
PASS test_empty_backpack_and_cancel_require_a_fresh_press
PASS test_free_interactions_and_tool_orders_never_repeat_while_held
PASS test_new_nearer_candidate_does_not_steal_a_held_project
PASS test_damaged_wall_does_not_turn_held_upgrade_into_repair
PASS test_only_crystals_build_upgrade_and_heal
PASS test_all_harvests_and_farming_only_supply_physical_crystals
PASS test_v2_materials_convert_once_without_changing_original
PASS test_real_v2_checkpoint_and_renewable_yields_survive_migration
PASS test_throw_is_conserved_and_cannot_immediately_magnet_back
PASS test_magnet_moves_visible_crystals_before_crediting_and_respects_capacity
PASS test_chest_bursts_before_collecting_and_only_once
PASS test_offerings_recruit_once_and_respect_the_configured_price
PASS test_treasure_is_not_an_offering_and_empty_or_dead_knight_cannot_throw
PASS test_airborne_crystals_land_on_ledges_and_fall_off_their_edges
PASS test_zero_invalid_time_and_boundaries_preserve_ground_rewards
PASS test_crystals_then_sword_then_life_on_actual_enemy_hit
PASS test_offering_cancels_attack_and_enemy_exits_without_reward
PASS test_left_carrier_and_killed_carrier_conserve_crystals
PASS test_dragon_hit_uses_crystal_protection
PASS test_disarmed_and_carrier_state_survives_save_resume
PASS test_sword_can_be_recovered_after_drop_grace
PASS test_v7_immersive_journey_migrates_to_crystal_survival
PASS test_identical_seed_and_offering_inputs_repeat
PASS test_corrupt_v7_wallet_is_not_repaired_by_larger_capacity
PASS test_clearing_reveals_wall_plot_but_requires_local_preparation
PASS test_expansion_is_sequential_and_trees_must_be_actually_cleared
PASS test_guards_advance_only_after_completion_and_fall_back_without_switching_sides
PASS test_night_spawn_is_outside_expanded_territory
PASS test_safe_outpost_shortens_worker_return_but_lost_wall_forces_core_retreat
PASS test_outer_wall_intercepts_then_inner_wall_remains_a_second_defense
PASS test_seeded_expansion_spawns_stay_on_map_and_beyond_both_fronts
PASS test_drag_fingers_are_independent_and_cancelable
PASS test_direction_selects_intent_on_either_side
PASS test_second_tier_does_not_chatter_at_boundary
PASS test_two_gates_summon_a_dragon_instead_of_winning
PASS test_dragon_has_floor_and_late_growth
PASS test_dragon_save_resume_and_army_damage
PASS test_idle_workers_and_guards_patrol
PASS test_concurrent_resident_volley_is_not_discarded
PASS test_v3_completed_run_remains_completed_and_active_run_gets_boss
PASS test_settled_pile_out_of_reach_only_ages
PASS test_grace_still_expires_while_resting
PASS test_pile_outside_the_world_is_pulled_back
PASS test_airborne_crystal_still_lands
PASS test_knight_still_collects_a_nearby_pile
PASS test_thrown_offering_resists_the_magnet_until_grace_ends
PASS test_resting_piles_do_not_change_an_active_crystal
PASS test_expedition_advice_uses_unlocks_and_preserves_hidden_rifts
PASS test_paid_expedition_reports_worker_combat_and_sealing_state
PASS test_assigned_expedition_takes_priority_over_a_second_waiting_order
PASS test_recovery_after_skipping_camp_or_losing_worker_with_empty_pouch
PASS test_round_trip_and_schema_guard
PASS test_invalid_values_preserve_original_save
PASS test_campaign_has_ground_level_resources_and_no_gem_ledges
PASS test_drag_has_two_distinct_speeds_and_can_return_to_slow
PASS test_barracks_upgrades_power_existing_archers_and_stop_at_limit
PASS test_night_civilians_move_without_leaving_the_defended_interior
PASS test_second_tier_spends_stamina_and_falls_back_when_exhausted
PASS test_real_v4_save_keeps_population_and_paid_resources_on_flat_ground
PASS test_barracks_respects_town_gate_and_all_three_paid_tiers
PASS test_night_builds_inside_defenses_but_does_not_leave_for_outer_order
PASS test_tower_needs_construction_and_three_tiers_have_real_firepower
PASS test_cleared_plots_are_seeded_varied_and_do_not_reroll_on_load
PASS test_fortress_is_a_third_paid_tier_with_more_health
PASS test_expanded_field_requires_farmer_and_produces_at_its_own_location
PASS test_v5_keeps_wall_damage_and_old_civilian_protection
PASS test_tower_second_tier_fires_more_often_and_pause_time_does_not_fire
PASS test_night_work_stops_when_the_outer_wall_breaks
PASS test_outpost_and_cleared_plot_remain_separate_payment_targets
PASS test_seed_reproduces_exploration_and_guarantees_reachable_resources
PASS test_harvest_is_finite_and_rewards_only_once
PASS test_crop_requires_worker_and_hunter_collects_discovered_animals
PASS test_tools_assign_new_jobs_and_city_requires_real_progress
PASS test_economy_tuning_changes_crop_output_and_training
PASS test_generated_resources_can_fund_the_complete_kingdom_loop
PASS test_outer_regions_extend_both_sides_without_replacing_the_opening
PASS test_expanded_campaign_seals_beyond_resources_and_survives_save_restore
PASS test_more_exploration_camps_still_respect_population_limit
PASS test_scenery_is_varied_reproducible_and_never_changes_harvests
PASS test_camps_replenish_once_per_real_dawn_and_remain_recruitable
PASS test_camps_do_not_accumulate_infinite_people_or_remove_existing_ids
PASS test_standing_forest_renews_hunted_prey_and_delivered_plants
PASS test_carried_plants_never_duplicate_and_minerals_never_regrow
PASS test_clearcut_forest_loses_future_camp_and_prey_without_erasing_survivors
PASS test_last_tree_order_warns_about_habitat_loss
PASS test_preserving_one_tree_per_forest_still_allows_city_and_farm
PASS test_cleared_ground_still_supports_delivered_berry_and_herb_patches
PASS test_knight_marks_work_and_sword_never_harvests
PASS test_worker_walks_chops_and_hauls_before_bank_receives_resources
PASS test_hit_worker_drops_cargo_and_another_worker_recovers_it
PASS test_raised_salvage_is_reached_by_worker_ladder_before_harvest
PASS test_outpost_needs_cleared_site_payment_and_engineer_then_shortens_delivery
PASS test_work_duration_is_tunable_and_invalid_time_cannot_finish_a_job
PASS test_ground_raider_cannot_hit_a_worker_on_an_elevated_site
PASS test_wanderers_stroll_turn_and_stay_near_their_discovery_place
PASS test_idle_citizen_strolls_but_available_tools_interrupt_immediately
PASS test_approaching_wanderer_stops_for_recruitment_and_invalid_time_does_not_move
PASS test_controls_and_information_fit_notched_landscape_and_tablet
PASS test_safe_area_conversion_handles_scaling_and_letterboxing
PASS test_corner_menu_and_purse_fit_phone_safe_area
PASS test_jump_pose_responds_to_vertical_motion_and_freezes_when_paused
PASS test_unlit_camp_and_tools
PASS test_unfinished_payment_returns_to_ground
PASS test_residents_collect_offer_and_recruit
PASS test_fast_run_exhaustion_and_rest
PASS test_repeated_yield_is_bounded_and_conserved
PASS test_new_rules_save_and_resume
PASS test_night_work_and_threat_retreat
PASS test_full_pouch_sinks_excess
PASS test_every_resident_job_carries_and_offers
PASS test_damaged_v6_config_is_protected
PASS test_single_taps_resume_during_refund_grace
PASS test_refund_waits_then_falls_at_building_when_knight_leaves
PASS test_each_tap_renews_the_payment_window
PASS test_walking_recovers_without_rearming_sprint_early
PASS test_smaller_arrival_pouch_can_start_worker_economy
PASS test_impact_feedback_freezes_expires_and_resets_with_game_time
PASS test_invasion_emerges_at_the_two_gates
PASS test_expansion_is_hidden_until_the_region_is_cleared
PASS test_full_shield_cannot_stack_before_city_upgrade
PASS test_damage_offers_bounded_refill_instead_of_another_upgrade
PASS test_training_tiers_cost_more_and_require_city_progress
PASS test_damage_interrupts_held_upgrade_without_spending_refill_or_losing_slots
PASS test_growth_configuration_changes_actual_cap_and_training
PASS test_module_balance_and_switching_share_cooldown
PASS test_relics_must_be_explored_returned_and_equipped
PASS test_seeded_modules_and_directional_lance
PASS test_idle_animation_advances_only_with_game_time
PASS test_death_facing_and_restart_are_visible
PASS test_grounded_motion_plays_run_then_returns_to_idle
PASS test_attack_frames_follow_combat_progress_instead_of_render_time
PASS test_airborne_does_not_play_ground_run_cycle
PASS test_attack_respects_authored_anticipation_and_recovery_durations
PASS test_enemy_telegraph_displays_raised_weapon_without_starting_swing
PASS test_dash_has_launch_burst_braking_and_freezes_with_progress
PASS test_default_cleave_shows_all_eight_poses_at_thirty_fps
PASS test_running_phase_continues_through_attack_and_recovery
PASS test_moving_swing_displays_running_legs_without_changing_attack_timing
PASS test_return_cut_starts_from_previous_low_pose_and_rises_while_running
PASS test_authored_combo_uses_independent_forward_frames_and_freezes
PASS test_equipment_refresh_never_reopens_another_body
PASS test_work_orders_follow_walls_but_treasure_stays_explorable
PASS test_worker_keeps_harvest_and_can_continue_without_delivery
PASS test_hunter_stays_near_walls_even_with_only_distant_prey
PASS test_local_work_save_resume_and_legacy_station_migration
PASS test_partly_harvested_job_resumes_and_preserves_wallet_overflow
PASS test_two_upward_fingers_trigger_once_and_never_offer
PASS test_release_and_focus_loss_cancel_partial_special
PASS test_allocation_conserves_crystals_and_locks_on_departure
PASS test_return_resolves_residents_once_and_keeps_a_stable_report
PASS test_extreme_choices_victory_and_defeat_have_visible_consequences
PASS test_tuning_changes_the_tradeoff_without_changing_combat_code
PASS test_walk_tracks_distance_instead_of_render_rate
PASS test_stopping_settles_and_pause_freezes_the_transition
PASS test_distant_worker_leaves_before_sunset_and_preserves_work
PASS test_night_pauses_farming_and_dawn_resumes_work
PASS test_hunter_hunts_by_day_and_defends_at_night
PASS test_carried_resource_returns_with_worker_then_deposits_at_dawn
PASS test_unrecruited_wanderer_does_not_join_shelter_and_farmer_stops_at_home
PASS test_same_seed_replays_the_same_sequence
PASS test_streams_do_not_share_a_sequence
PASS test_draining_one_stream_does_not_shift_another
PASS test_neighbouring_seeds_do_not_produce_neighbouring_streams
PASS test_capture_survives_a_checkpoint_round_trip
PASS test_stored_state_stays_inside_the_checkpoint_number_range
PASS test_restore_refuses_a_damaged_position
PASS test_helpers_follow_their_own_stream
PASS test_defeat_rewards_once_and_persists
PASS test_vertical_miss_and_restart
PASS test_failed_save_reports_pending_and_can_retry
PASS test_enemy_telegraphs_before_attack
PASS test_confirmed_hit_freezes_combat_time_then_resumes_once
PASS test_blocked_hit_does_not_stop_and_restart_clears_impact
PASS test_supplies_recruit_only_on_pickup_and_tools_are_not_duplicated
PASS test_paid_construction_needs_engineer_and_cannot_charge_twice
PASS test_only_a_real_unblocked_hit_demotes_a_resident
PASS test_people_walk_to_supplies_tools_and_build_without_direct_orders
PASS test_context_interaction_checks_distance_and_shared_crystal_reserve
PASS test_raiders_must_reach_and_hit_residents_not_just_start_a_wave
PASS test_countdown_reaches_first_wave_and_cannot_duplicate_an_active_wave
PASS test_attacked_worker_can_be_recruited_and_equipped_again
PASS test_guard_defends_and_salvage_requires_pickup_once
PASS test_destroyed_wall_can_be_repaired_without_exceeding_level_cap
PASS test_three_completed_waves_stop_and_escaped_enemies_drop_nothing
PASS test_spirit_follows_ignored_advice_without_moving_the_target
PASS test_hits_require_lost_health_or_shield_and_recover
PASS test_knight_dash_is_not_mistaken_for_damage
PASS test_residents_and_enemies_react_to_real_damage_only
PASS test_spirit_points_back_at_a_reached_target
PASS test_spirit_leaves_the_targets_interaction_column_clear
PASS test_dragon_damage_and_death_keep_boss_silhouette_without_blocking_volley
PASS test_contextual_press_drops_once_and_wanderer_collects_before_owner
PASS test_offer_from_contextual_press_bribes_enemy_without_double_payment
PASS test_opening_finishes_after_first_worker_order_and_can_be_recalled
PASS test_late_recall_survives_save_and_v8_migrates_safely
PASS test_empty_pouch_cannot_recall_and_configured_slots_refund
PASS test_exhaustion_requires_walk_then_run_then_stationary_rest
PASS test_recovery_checkpoint_matches_uninterrupted_ticks
PASS test_v10_checkpoint_retains_exhaustion_during_upgrade
PASS test_zero_time_does_not_advance_recovery
PASS test_breathing_stop_survives_reload_and_rejects_corruption
PASS test_order_is_add_then_multiply
PASS test_override_replaces_the_whole_result
PASS test_the_last_override_wins
PASS test_other_stats_are_untouched
PASS test_removal_works_on_the_source_label
PASS test_the_same_source_can_stack
PASS test_expiry_is_exclusive_at_its_own_tick
PASS test_permanent_modifiers_never_expire
PASS test_breakdown_explains_the_number
PASS test_capture_survives_a_checkpoint_round_trip
PASS test_restore_refuses_a_damaged_block
PASS test_clock_counts_ticks_not_seconds
PASS test_authored_seconds_become_whole_ticks
PASS test_a_short_duration_never_collapses_to_nothing
PASS test_restore_rejects_impossible_values
PASS test_top_equipment_unlocks_mount_without_consuming_shield
PASS test_exploration_reveal_advances_smoothly_and_freezes_with_time
PASS test_repeating_tiles_cover_camera_edges_and_keep_world_phase
Assertions: 1722; failures: 0
Godot Engine v4.7.2.stable.official.ed1daf0bf - https://godotengine.org

PASS: art override replaces the atlas actually displayed
PASS: art override preserves editable frame counts, speeds and durations
PASS: art override preserves frame crop and alignment
PASS: art override never mutates the shared original resource
PASS: knight lands on actual collision floor
PASS: D key moves knight through input adapter
PASS: moving knight displays run artwork in real scene
PASS: Space starts physical jump
PASS: airborne knight uses dedicated jump drawing
PASS: L dash consumes model stamina
PASS: airborne dash displays its own pose
PASS: Escape pauses encounter
PASS: pause freezes physical motion
PASS: R restarts and resumes
PASS: windup does not hit immediately
PASS: visible windup matches zero damage
PASS: J attack hits nearby sentinel
PASS: hit occurs while visible blade is active
PASS: killing strike still emits impact sparks
PASS: scene grants one defeat reward
PASS: scene writes isolated progress save
PASS: dash cancels windup before damage
PASS: dash replaces cancelled sword with its burst artwork
PASS: pause freezes both sword artwork and damage
PASS: reversing movement keeps sword facing its original target
PASS: resumed sword hits its original forward target
PASS: sentinel uses generated artwork
PASS: normal slash damages once before hit stop
PASS: hit stop freezes physics and sword together
PASS: hit-stop action is buffered instead of moving the frozen body
PASS: dash pressed during hit stop runs after stop ends
PASS: restart clears sparks and camera displacement
PASS: sentinel raises cleaver before causing damage
PASS: partial time after hit stop moves only its share of a physics tick
Scene assertions: 34; failures: 0
Godot Engine v4.7.2.stable.official.ed1daf0bf - https://godotengine.org

PASS: keyboard presses reach all three cuts in each direction
PASS: direction selects distinct advancing choreography for every cut
PASS: first slash advances only a controlled step
PASS: second cut advances a short controlled step
PASS: finisher advances farther without running
PASS: walking resumes after attack recovery
PASS: keyboard presses reach all three cuts in each direction
PASS: direction selects distinct advancing choreography for every cut
PASS: first slash advances only a controlled step
PASS: second cut advances a short controlled step
PASS: finisher advances farther without running
PASS: walking resumes after attack recovery
PASS: neutral input keeps the complete combo stationary
PASS: held direction uses Inspector light and finishing step distances: 53.999939
PASS: opposite input cannot reverse the current forward step
PASS: combo advances up to actual wall collision without tunneling
PASS: blocked travel is discarded instead of released after wall removal
PASS: pause freezes an in-progress forward step
PASS: resuming completes step without extra distance
PASS: removed dash cannot cancel the planted attack
PASS: holding touchscreen sword produces one cut
PASS: three touchscreen taps connect the full combo
PASS: focus pause freezes physical position
PASS: focus pause freezes current attack pose
PASS: resume discards buffered follow-up
PASS: restart keeps tuning and clears old combo
Combo scene assertions: 26; failures: 0
Godot Engine v4.7.2.stable.official.ed1daf0bf - https://godotengine.org

PASS: campaign physics moves the farmer home before night
PASS: retreat advances the existing walk animation
PASS: presentation loop cannot farm while returning
PASS: scene calendar naturally enters night
PASS: Inspector resident tuning reaches campaign rules
PASS: actual night bow uses configured damage
PASS: night bow feeds existing visible bolt effects
PASS: pause freezes returning residents
PASS: restart clears nightly role state
Resident scene assertions: 9; failures: 0
Godot Engine v4.7.2.stable.official.ed1daf0bf - https://godotengine.org

PASS: touch investment establishes camp
PASS: left touch input fills one left slot
PASS: right touch order leaves left partial
PASS: camp and two wall orders consume exactly eight crystals
PASS: pause freezes left construction
PASS: real campaign updates build both defenses
PASS: HUD previews separate night directions
PASS: opposite invaders face toward the camp
PASS: left siege damages visible left defense
PASS: right siege independently damages right defense
PASS: restart clears both defenses
PASS: restart clears raid warning
Bilateral scene assertions: 12; failures: 0
Godot Engine v4.7.2.stable.official.ed1daf0bf - https://godotengine.org

PASS: Inspector values reach the campaign mission
PASS: actual siege ends the run while knight is alive
PASS: HUD displays core defeat
PASS: core defeat offers replay and new map
PASS: loss disables investment and dropping
PASS: post-loss inputs cannot move or spend
PASS: replay button restores core and active run
PASS: city milestone does not display premature victory
PASS: touch slots order actual expedition 0
PASS: scene summons real rift wardens 0
PASS: expedition guide reports living wardens
PASS: pause freezes sealing work
PASS: pause hides expedition guide
PASS: cleared wardens switch guide to live seal progress
PASS: scene finishes engineer sealing work 0
PASS: touch slots order actual expedition 1
PASS: scene summons real rift wardens 1
PASS: expedition guide reports living wardens
PASS: pause freezes sealing work
PASS: pause hides expedition guide
PASS: cleared wardens switch guide to live seal progress
PASS: scene finishes engineer sealing work 1
PASS: two seals summon final dragon
PASS: dragon defeat displays victory
PASS: victory removes expedition advice
PASS: victory offers replay and new map
PASS: victory freezes calendar in actual scene
PASS: new map resets objectives and discovery
Mission scene assertions: 28; failures: 0
Godot Engine v4.7.2.stable.official.ed1daf0bf - https://godotengine.org

PASS: touch investment installs first capacitor
PASS: HUD shows installed shield capacity
PASS: first camp cannot buy another capacitor
PASS: damage changes forge to touch recharge
PASS: touch recharge restores energy using only crystals
PASS: second settlement unlocks next capacitor
PASS: HUD updates actual upgraded capacity
PASS: touch training changes real damage without food
PASS: HUD shows trained sword power
PASS: pause blocks growth investment
PASS: restart resets purchased combat strength
PASS: restart clears capacitor capacity
Growth scene assertions: 12; failures: 0
Godot Engine v4.7.2.stable.official.ed1daf0bf - https://godotengine.org

PASS: real scene dawn replenishes six camps
PASS: new arrival is selected by actual proximity UI
PASS: touch recruits a dawn arrival
PASS: pause cannot replenish another dawn
PASS: next dawn replaces only recruited waiting place
PASS: actual hunter drops two crystals
PASS: next dawn restores hunted prey slot
PASS: renewable prey supplies further crystals
PASS: hunting never accumulates a second currency
PASS: restart restores initial camps and renewal clock
Ecology scene assertions: 10; failures: 0
Godot Engine v4.7.2.stable.official.ed1daf0bf - https://godotengine.org

PASS: actual proximity shows outward wall icon and target
PASS: touch fills first outward wall slot
PASS: touch completes only the outward wall order
PASS: pause freezes outward construction
PASS: scene worker completes outward wall
PASS: new wall becomes actual defense destination
PASS: actual scene night spawns beyond expanded front
PASS: guard walks back after outward wall breaks
PASS: restart clears expansion and restores original post
PASS: restart hides unexplored expansion
Expansion scene assertions: 10; failures: 0
Godot Engine v4.7.2.stable.official.ed1daf0bf - https://godotengine.org

PASS: actual scene selects tower investment
PASS: touch submits tower construction
PASS: pause blocks construction
PASS: resident builds tower tier at night through scene
PASS: touch submits tower construction
PASS: pause blocks construction
PASS: resident builds tower tier at night through scene
PASS: touch submits tower construction
PASS: pause blocks construction
PASS: resident builds tower tier at night through scene
PASS: scene renders a damaging laser
PASS: max tier cannot buy another upgrade
Fortification scene assertions: 12; failures: 0
Godot Engine v4.7.2.stable.official.ed1daf0bf - https://godotengine.org

PASS: empty stamina blocks real attack, dash and jump input
PASS: removed jump and dash cannot activate even with energy
PASS: first travel tier costs no stamina
PASS: double D selects faster movement and spends real stamina
PASS: exhaustion falls back to slow travel
PASS: HUD reads depleted live stamina
Stamina scene assertions: 6; failures: 0
Godot Engine v4.7.2.stable.official.ed1daf0bf - https://godotengine.org

PASS: one press starts ordinary movement
PASS: Shift no longer activates sprint
PASS: second D press held down starts sprint
PASS: continued hold preserves sprint
PASS: releasing the second press stops movement
PASS: changing direction starts ordinary movement
PASS: double A also sprints left
PASS: opposed keys cancel movement
PASS: opposed input does not transfer sprint to the other direction
PASS: a slow second press is ordinary movement
PASS: keyboard auto-repeat cannot trigger sprint
PASS: Escape pauses a held sprint
PASS: resuming does not replay a held sprint
PASS: left mouse click starts a real sword attack
PASS: holding mouse does not auto-attack
PASS: repeated left clicks connect a combo
PASS: clicking the hamburger opens UI without attacking
PASS: closing the menu does not leak an attack
PASS: touch-generated mouse events do not attack
Desktop control scene assertions: 19; failures: 0
Godot Engine v4.7.2.stable.official.ed1daf0bf - https://godotengine.org

PASS: ordinary input moves the real knight
PASS: second tier is visibly faster than the normal run
PASS: actual exhaustion forces a breathing stop despite held input
PASS: held movement cannot displace the knight during the visible breathing stop
PASS: resting silhouette finishes in place before movement resumes
PASS: breathing is followed by a distinct slow walk
PASS: partial recovery restores running but keeps sprint locked
PASS: holding the second tier cannot auto-cycle into sprint
PASS: a one-second stop cannot clear the rest requirement
PASS: two seconds of uninterrupted rest rearms the second tier
Running recovery scene assertions: 10; failures: 0
Godot Engine v4.7.2.stable.official.ed1daf0bf - https://godotengine.org

PASS: script beats territory for Traditional Chinese
PASS: explicit Simplified script beats Taiwan territory
PASS: Hong Kong defaults to Traditional Chinese
PASS: unsupported system language falls back to English
PASS: manual choice beats Steam and system
PASS: Steam game language takes priority in automatic mode
PASS: Traditional title text
PASS: language selector includes Simplified Chinese glyphs without system fonts
PASS: selector immediately updates title
PASS: manual language survives new preference instance
PASS: record list stays open and updates language
PASS: formatted records are translated
PASS: pause selector shares language preference
PASS: language does not alter volume
PASS: unknown manual language rejected
PASS: invalid selection preserves preference bytes
PASS: unknown preference version preserved; session language still switches
PASS: save failure is exposed while language applies
Language scene assertions: 18; failures: 0
Godot Engine v4.7.2.stable.official.ed1daf0bf - https://godotengine.org

PASS: title starts with a real campaign performance
PASS: cinematic cannot read or write a campaign or audio preferences
PASS: cinematic owns an isolated physics world
PASS: cinematic hides gameplay UI and rejects live controls
PASS: opening fade holds the performance before narration
PASS: opening fade contains no premature caption
PASS: performance starts only after opening fade
PASS: performance lights camp and equips the knight
PASS: night shot runs actual approaching enemies
PASS: sealed gates summon the actual dragon in the final shot
PASS: natural completion reveals title and frees the entire performance
PASS: watching the prologue does not create a player journey
PASS: skip reveals title and releases the performance, repeat 0
PASS: skip reveals title and releases the performance, repeat 1
Prologue scene assertions: 14; failures: 0
Godot Engine v4.7.2.stable.official.ed1daf0bf - https://godotengine.org

PASS: opening title does not create or overwrite a journey
PASS: new game launches actual campaign
PASS: new game autosaves to an independent path
PASS: first journey records manual checkpoint
PASS: newer automatic progress is saved separately
PASS: failed save keeps player in the campaign to retry
PASS: pause menu returns to title after successful save
PASS: record picker shows automatic and manual choices
PASS: picker previews distinct automatic and manual records
PASS: manual choice forks a playable journey at the checkpoint
PASS: manual fork preserves newer automatic progress
PASS: another new game begins fresh
PASS: another new game keeps the first journey intact
PASS: record changed after listing is revalidated before launching
PASS: failed selection preserves original bytes
Start menu assertions: 15; failures: 0
Godot Engine v4.7.2.stable.official.ed1daf0bf - https://godotengine.org

PASS: pause menu supports an independent manual checkpoint
PASS: pause exposes audio and save controls
PASS: native desktop menu does not expose the Web-only iframe reader
PASS: empty manual slot cannot load
PASS: save icon writes the manual slot
PASS: manual load restores checkpoint independently of newer autosave
PASS: load stays paused and clears held payment
PASS: both sliders reach the actual audio player
PASS: background suspends soundtrack
PASS: foreground restores soundtrack eligibility
PASS: desktop hides touch action buttons
PASS: mobile exposes only the sword action
PASS: equipment visuals follow actual upgrade state
PASS: losing the sword keeps the upgraded armour on the unarmed body
PASS: drawing the sword keeps the same upgraded armour as idle and running
PASS: volume preferences survive reopening
PASS: manual checkpoint survives reopening
Cycle menu assertions: 17; failures: 0
Godot Engine v4.7.2.stable.official.ed1daf0bf - https://godotengine.org

PASS: real campaign scene can save and resume
PASS: background pauses campaign and releases investment
PASS: background creates a complete checkpoint
PASS: reopen waits for player to resume
PASS: physical crystals and backpack survive scene destruction
PASS: unfinished camp investment survives
PASS: midair position and velocity survive
PASS: loading and paused frames do not advance time
PASS: loading cannot replay held payment
PASS: paused scene cannot spend or simulate
PASS: resuming continues saved jump
PASS: storage failure is surfaced by real scene
PASS: retry icon is available after storage failure
PASS: retry icon saves after storage recovers
PASS: explicit restart creates fresh campaign
PASS: restart retains old campaign archive
PASS: unknown version starts paused with protected status
PASS: protected progress has a visible status icon
PASS: autosave cannot overwrite incompatible file
PASS: explicit new run archives incompatible original
Campaign save scene assertions: 20; failures: 0
Godot Engine v4.7.2.stable.official.ed1daf0bf - https://godotengine.org

PASS: outer left area of enlarged attack button starts a slash
PASS: attack touch cannot become a movement gesture
PASS: releasing the enlarged button clears attack input
PASS: movement remains available beside enlarged attack button
PASS: pause hides the enlarged attack button
Large attack scene assertions: 5; failures: 0
Godot Engine v4.7.2.stable.official.ed1daf0bf - https://godotengine.org

PASS: new journey begins in wilderness away from campfire
PASS: movement buttons replaced with drag surface
PASS: left thumb drags right to move
PASS: longer drag engages second travel tier
PASS: right downward drag invests one crystal near camp
PASS: payment finger preserves movement finger
PASS: downward drag without target throws a crystal
PASS: focus loss cancels every gesture
PASS: new finger works without old release after background
PASS: attack button works while dragging and roots first cut
PASS: removed skills have no visible buttons
PASS: combat button stays within safe area
PASS: quick down swipe survives release before physics tick
PASS: left-side down swipe pays next crystal without an empty physics tick
PASS: vertical swipe never leaves movement stuck
PASS: background cancels queued quick swipe before resume
Mobile scene assertions: 16; failures: 0
Godot Engine v4.7.2.stable.official.ed1daf0bf - https://godotengine.org

PASS: F opens module selection at the upgrade station
PASS: selection does not overlap settings or offer combat practice
PASS: choosing the returned module installs it
PASS: quick K press activates the equipped ability
PASS: cooldown cannot charge stamina again
PASS: real two-finger upward events activate the ability
PASS: special gesture never invests a crystal
PASS: night light follows the knight and illuminates the world
PASS: lamp fades away in daytime
PASS: expanded water fills the visible river area
Module scene assertions: 10; failures: 0
Godot Engine v4.7.2.stable.official.ed1daf0bf - https://godotengine.org

PASS: new knight begins on foot
PASS: camera keeps whole mounted silhouette inside both map ends
PASS: maximum sword without armor stays on foot
PASS: both top equipment tiers mount knight
PASS: mount increases actual travel speed
PASS: mounted first slash still roots movement
PASS: mounted attack retains horse and rider
PASS: resting on horseback retains the same rider and horse artwork
PASS: mounted rest preserves the rider and horse palette
PASS: upgraded run still round-trips through existing checkpoint schema
PASS: loading upgraded run restores riding from equipment
PASS: new journey clears prior mount
Mount scene assertions: 12; failures: 0
Godot Engine v4.7.2.stable.official.ed1daf0bf - https://godotengine.org

PASS: hero death selects the failure overlay
PASS: fatal hit keeps the knight visible
PASS: authored death keeps animating after campaign stops
PASS: no time or economy advances during death animation
PASS: enemy death remains visible after terminal hit
PASS: manual pause freezes all terminal animation
PASS: enemy dissolves while hero corpse remains
PASS: new journey resets outcome and corpse
PASS: core defeat retains a distinct failure reason
PASS: victory chooses crown instead of skull
PASS: outcome dismisses interactive hints
Clear feedback scene assertions: 11; failures: 0
Godot Engine v4.7.2.stable.official.ed1daf0bf - https://godotengine.org

PASS: new campaign displays companion
PASS: ignoring camp instruction keeps pointing back toward camp
PASS: companion stays beside the actual knight
PASS: guidance cannot force payment or progress
PASS: actual enemy hit recoils the knight
PASS: pause freezes injury and hides companion
PASS: knight returns to normal animation
PASS: shield blocks health loss while playing brace animation
PASS: actual resident hit plays recoil before losing job silhouette
PASS: resident shot triggers enemy recoil
PASS: restart clears all transient hit states
Spirit and hit scene assertions: 11; failures: 0
Godot Engine v4.7.2.stable.official.ed1daf0bf - https://godotengine.org

PASS: opening guide highlights the actual enabled camp control
PASS: one paid slot does not falsely complete camp guidance
PASS: touch payment advances guidance after real construction
PASS: guide does not highlight payment for a different nearby target
PASS: pause hides first-day overlay
PASS: Inspector can disable guidance without changing the run
PASS: defeat removes advice and leaves retry controls
Guide scene assertions: 7; failures: 0
Godot Engine v4.7.2.stable.official.ed1daf0bf - https://godotengine.org

PASS: campaign has a bounded audio player
PASS: at most six sound voices can overlap
PASS: two real touch payments sound twice, camp completion once
PASS: lingering effects never retrigger audio
PASS: actual attack input produces all three distinct active-cut sounds
PASS: sound control adds no clutter during play
PASS: background notification immediately stops every voice
PASS: pause provides an icon-only sound control
PASS: touching speaker mutes actual sound rack
PASS: muted gameplay produces no playback
PASS: unmuting never replays sounds that happened while muted
PASS: restart never sounds like historical build or currency gain
Audio scene assertions: 12; failures: 0
Godot Engine v4.7.2.stable.official.ed1daf0bf - https://godotengine.org

Platform reached height 118.685791015625; platform height 82.0
PASS: jump from floor lands on Platform
Platform2 reached height 119.56103515625; platform height 98.0
PASS: jump from floor lands on Platform2
PASS: four platforms form a continuous refuge approach
PASS: basic movement reaches Platform without dash or energy
PASS: basic movement reaches PlatformStep1 without dash or energy
PASS: basic movement reaches PlatformStep2 without dash or energy
PASS: basic movement reaches Platform2 without dash or energy
Traversal assertions: 7; failures: 0
Godot Engine v4.7.2.stable.official.ed1daf0bf - https://godotengine.org

PASS: refuge prototype loads independently
PASS: allocation button updates shield preview
PASS: departure opens playable encounter
PASS: encounter uses allocated shield
PASS: prototype never opens permanent progress file
PASS: encounter cannot reset spent shield
PASS: shield overflow reaches prototype knight health
PASS: retreat returns to refuge
PASS: retreat settles residents according to committed allocation
PASS: resident display reflects injuries
PASS: retry restores initial allocation
PASS: combat death automatically returns a result
PASS: full refuge protection survives knight defeat
PASS: expedition can pause normally
PASS: R while paused settles instead of refilling shield
PASS: victory automatically returns to residents
PASS: victory result shows earned salvage
PASS: new expedition HUD shows this run's salvage only
Refuge scene assertions: 18; failures: 0
Godot Engine v4.7.2.stable.official.ed1daf0bf - https://godotengine.org

PASS: knight stands in walkable refuge
PASS: E throws supplies and nearby wanderer collects them
PASS: one press spends one supply
PASS: existing movement controls walk through refuge
PASS: pointer interaction stocks tool at nearby workshop
PASS: stocked tool autonomously becomes engineer profession
PASS: site interaction orders construction
PASS: engineer finishes physical site construction
PASS: pause freezes wave clock and blocks spending
PASS: retry resets complete disposable simulation
PASS: knight sword input damages an actual settlement raider
Settlement scene assertions: 11; failures: 0
Godot Engine v4.7.2.stable.official.ed1daf0bf - https://godotengine.org

PASS: training entry opens the new playable frontier
PASS: frontier has a grounded playable knight
PASS: text panels leave the playable view clear
PASS: interaction is represented by an icon
PASS: destructive actions are tucked into pause menu
PASS: campaign framing enlarges characters
PASS: R replays the same map
PASS: new-map touch button generates a different frontier
PASS: N is another route to a new map
PASS: playable campaign starts at the campfire
PASS: touch interaction fills one crystal slot
PASS: actual recruitment and workshop button equip a working resident
PASS: E marks work without a knight chopping animation
PASS: knight sword leaves resource intact
PASS: resident delivers harvested crystals to the collection point
PASS: one harvested tree does not expose expansion in an uncleared forest
PASS: resident finishes all marked trees before expansion appears
PASS: depot has its own reachable investment location
PASS: cleared-site button orders a resident-built frontier depot
PASS: walking outside reveals a region
PASS: icon HUD displays survival calendar
PASS: icon HUD removes obsolete material counters
PASS: removed jump keeps the knight on flat ruin ground
PASS: knight directly opens ground-level treasure using the actual button
PASS: far left generated route has actual collision
PASS: far right generated route has actual collision
PASS: pause freezes frontier simulation
Frontier scene assertions: 27; failures: 0
Godot Engine v4.7.2.stable.official.ed1daf0bf - https://godotengine.org

PASS: drop control uses an icon
PASS: Q throws one conserved crystal through actual input
PASS: nearby freshly thrown currency is not immediately absorbed
PASS: downward drag throws one more crystal
PASS: test knight is airborne
PASS: Q throws during a jump without requiring floor contact
PASS: pause freezes physical crystals and blocks both throw routes
PASS: pause freezes the clock shared by all idle artwork
PASS: paused drop button is disabled
PASS: resuming does not replay paused throws
PASS: empty backpack disables throw icon
PASS: empty Q does not create a crystal
PASS: restart clears old physical drops
Crystal scene assertions: 13; failures: 0
Godot Engine v4.7.2.stable.official.ed1daf0bf - https://godotengine.org

PASS: E immediately fills the first campfire slot
PASS: held E displays progress on its locked target
PASS: holding E finishes the camp without repeated tapping
PASS: keeping E held does not start another project
PASS: removed jump cannot block a valid grounded payment
PASS: downward gesture immediately completes the already partially funded tool
PASS: held downward gesture buys exactly one tool
PASS: releasing gesture clears held input
PASS: pause stops held payment before the next crystal
PASS: resuming with E still held cannot spend
PASS: fresh E resumes the wall's preserved slots
PASS: removed jump leaves the held wall payment uninterrupted
PASS: pending wall order stays intact after another press
PASS: quick E tap is retained until physics even when already released
PASS: retained short tap is consumed only once
Investment scene assertions: 15; failures: 0
Godot Engine v4.7.2.stable.official.ed1daf0bf - https://godotengine.org

PASS: unlit knight cannot attack via actual keyboard
PASS: unlit knight renders without sword
PASS: unarmed body does not overlap idle sword after campaign physics
PASS: E draws the sword and lights camp
PASS: ignition enables armed appearance
PASS: new journey hides numerical top dashboard
PASS: keyboard release keeps sockets for grace period
PASS: expired keyboard payment returns to world
PASS: refund flies through world before collection
PASS: empty attack stamina also shows a tired resting pose
PASS: fast-run exhaustion stops actual movement
PASS: exhaustion starts the breathing pose
PASS: stationary exhaustion settles into one resting body
PASS: ordinary walking blends back from resting pose
PASS: purse occupies the top-right safe corner
PASS: menu occupies the top-left safe corner
PASS: fullscreen stays inside the closed menu
PASS: purse stays fixed when knight moves
PASS: ghost retires after early guidance
PASS: core damage produces global alarm cue
PASS: desktop guide chooses keyboard prompts
PASS: desktop ghost names actual interaction key
PASS: phone guide chooses drag prompts
PASS: phone downward gesture ignites camp
PASS: phone release preserves slots for a second
PASS: single tap on suspended sockets completes the phone payment
PASS: phone grace expiry refunds incomplete tool purchase physically
PASS: fixed purse does not cover touch attack button
PASS: hamburger touch opens options and pauses play
PASS: hamburger touch closes options and resumes play
Immersive scene assertions: 30; failures: 0
Godot Engine v4.7.2.stable.official.ed1daf0bf - https://godotengine.org

PASS: idle crystal purse fades completely out
PASS: throwing crystal reveals purse and animates removal
PASS: actual ground pickup animates crystal entering bag
PASS: real scene attack drops sword
PASS: disarmed knight retains visible hit reaction
PASS: disarm does not reintroduce overlapping armed body
PASS: walking back to sword restores armed appearance
Crystal survival scene assertions: 7; failures: 0
Godot Engine v4.7.2.stable.official.ed1daf0bf - https://godotengine.org

PASS: architecture, import, behavior, and main scene smoke checks.
